<ul><li><strong>Type:</strong> Object</li><li><strong>Children:</strong><ul><li><strong>content</strong><ul><li><strong>Type:</strong> Object</li><li><strong>Children:</strong><ul><li><strong>headline</strong><ul><li><strong>Type:</strong> String</li><li><strong>Valid values: </strong>""</li></ul></li><li><strong>copy</strong><ul><li><strong>Type:</strong> String</li><li><strong>Invalid values: </strong>""</li></ul></li><li><strong>number</strong><ul><li><strong>Type:</strong> Number</li><li><strong>Rules:</strong><ul><li>max: 100</li></ul></li><li><strong>Flags:</strong><ul><li>Value must exist within the valid values list</li></ul></li><li><strong>Valid values: </strong>10, 12, 13</li><li><strong>Invalid values: </strong>Infinity, -Infinity</li></ul></li></ul></li></ul></li><li><strong>title</strong><ul><li><strong>Type:</strong> Any</li><li><strong>Flags:</strong><ul><li>Value must exist within the valid values list</li></ul></li><li><strong>Valid values: </strong>ref:content.headline</li></ul></li><li><strong>user</strong><ul><li><strong>One of the following:</strong><ul><li><ul><li><strong>Type:</strong> Object</li><li><strong>Flags:</strong><ul><li>Unknown keys/items are allowed but ignored</li></ul></li><li><strong>Children:</strong><ul><li><strong>name</strong><ul><li><strong>Type:</strong> String</li><li><strong>Rules:</strong><ul><li>min: 2</li></ul></li><li><strong>Flags:</strong><ul><li>Default: Username</li></ul></li><li><strong>Invalid values: </strong>""</li></ul></li></ul></li></ul></li><li><ul><li><strong>Type:</strong> String</li><li><strong>Flags:</strong><ul><li>Presence: required</li></ul></li><li><strong>Invalid values: </strong>""</li></ul></li></ul></li></ul></li></ul></li></ul>
